******************************************************************************
                  TI ARM Linker PC v20.2.7                     
******************************************************************************
>> Linked Mon Feb 27 14:43:05 2023

OUTPUT FILE NAME:   <LineFollowRace.out>
ENTRY POINT SYMBOL: "_c_int00_noargs"  address: 00000e99


MEMORY CONFIGURATION

         name            origin    length      used     unused   attr    fill
----------------------  --------  ---------  --------  --------  ----  --------
  MAIN                  00000000   00040000  00001888  0003e778  R  X
  INFO                  00200000   00004000  00000000  00004000  R  X
  SRAM_CODE             01000000   00010000  00000220  0000fde0  RW X
  SRAM_DATA             20000000   00010000  00000220  0000fde0  RW  


SEGMENT ALLOCATION MAP

run origin  load origin   length   init length attrs members
----------  ----------- ---------- ----------- ----- -------
00000000    00000000    00001888   00001888    r-x
  00000000    00000000    000000e4   000000e4    r-- .intvecs
  000000e4    000000e4    00000e28   00000e28    r-x .text
  00000f0c    00000f0c    00000944   00000944    r-- .const
  00001850    00001850    00000038   00000038    r-- .cinit
20000000    20000000    00000020   00000000    rw-
  20000000    20000000    0000001c   00000000    rw- .data
  2000001c    2000001c    00000004   00000000    rw- .bss
2000fe00    2000fe00    00000200   00000000    rw-
  2000fe00    2000fe00    00000200   00000000    rw- .stack


SECTION ALLOCATION MAP

 output                                  attributes/
section   page    origin      length       input sections
--------  ----  ----------  ----------   ----------------
.intvecs   0    00000000    000000e4     
                  00000000    000000e4     startup_msp432p401r_ccs.obj (.intvecs:retain)

.text      0    000000e4    00000e28     
                  000000e4    00000334     system_msp432p401r.obj (.text)
                  00000418    000001e0     Clock.obj (.text)
                  000005f8    000001b8     Reflectance.obj (.text)
                  000007b0    00000160     Motor.obj (.text)
                  00000910    00000100     LineFollowRace.obj (.text)
                  00000a10    000000fc     PWM.obj (.text)
                  00000b0c    000000f8     LaunchPad.obj (.text)
                  00000c04    000000e0     Bump.obj (.text)
                  00000ce4    0000009c     rtsv7M4_T_le_v4SPD16_eabi.lib : memcpy_t2.asm.obj (.text)
                  00000d80    0000006c     SysTick.obj (.text)
                  00000dec    00000068     rtsv7M4_T_le_v4SPD16_eabi.lib : copy_decompress_lzss.c.obj (.text:decompress:lzss:__TI_decompress_lzss)
                  00000e54    00000044                                   : autoinit.c.obj (.text:__TI_auto_init_nobinit_nopinit:__TI_auto_init_nobinit_nopinit)
                  00000e98    00000034                                   : boot_cortex_m.c.obj (.text:_c_int00_noargs:_c_int00_noargs)
                  00000ecc    0000001c                                   : copy_zero_init.c.obj (.text:decompress:ZI:__TI_zero_init_nomemset:__TI_zero_init_nomemset)
                  00000ee8    0000000e                                   : copy_decompress_none.c.obj (.text:decompress:none:__TI_decompress_none)
                  00000ef6    0000000e     startup_msp432p401r_ccs.obj (.text)
                  00000f04    00000004     rtsv7M4_T_le_v4SPD16_eabi.lib : pre_init.c.obj (.text:_system_pre_init)
                  00000f08    00000004                                   : exit.c.obj (.text:abort:abort)

.const     0    00000f0c    00000944     
                  00000f0c    00000924     LineFollowRace.obj (.const:fsm)
                  00001830    00000020     Reflectance.obj (.const:$P$T0$1)

.cinit     0    00001850    00000038     
                  00001850    0000000d     (.cinit..data.load) [load image, compression = lzss]
                  0000185d    00000003     --HOLE-- [fill = 0]
                  00001860    0000000c     (__TI_handler_table)
                  0000186c    00000004     --HOLE-- [fill = 0]
                  00001870    00000008     (.cinit..bss.load) [load image, compression = zero_init]
                  00001878    00000010     (__TI_cinit_table)

.init_array 
*          0    00000000    00000000     UNINITIALIZED

.binit     0    00000000    00000000     

.data      0    20000000    0000001c     UNINITIALIZED
                  20000000    00000018     Clock.obj (.data)
                  20000018    00000004     system_msp432p401r.obj (.data)

.bss       0    2000001c    00000004     UNINITIALIZED
                  2000001c    00000004     (.common:Spt)

.stack     0    2000fe00    00000200     UNINITIALIZED
                  2000fe00    00000004     rtsv7M4_T_le_v4SPD16_eabi.lib : boot_cortex_m.c.obj (.stack)
                  2000fe04    000001fc     --HOLE--

__llvm_prf_cnts 
*          0    20000000    00000000     UNINITIALIZED

MODULE SUMMARY

       Module                        code   ro data   rw data
       ------                        ----   -------   -------
    .\
       LineFollowRace.obj            256    2340      8      
       system_msp432p401r.obj        820    0         8      
       Clock.obj                     480    0         48     
       Reflectance.obj               440    32        0      
       Motor.obj                     352    0         0      
       PWM.obj                       252    0         0      
       LaunchPad.obj                 248    0         0      
       startup_msp432p401r_ccs.obj   14     228       0      
       Bump.obj                      224    0         0      
       SysTick.obj                   108    0         0      
    +--+-----------------------------+------+---------+---------+
       Total:                        3194   2600      64     
                                                             
    C:\ti\ccs1220\ccs\tools\compiler\ti-cgt-arm_20.2.7.LTS\lib\rtsv7M4_T_le_v4SPD16_eabi.lib
       memcpy_t2.asm.obj             156    0         0      
       copy_decompress_lzss.c.obj    104    0         0      
       autoinit.c.obj                68     0         0      
       boot_cortex_m.c.obj           52     0         0      
       copy_zero_init.c.obj          28     0         0      
       copy_decompress_none.c.obj    14     0         0      
       exit.c.obj                    4      0         0      
       pre_init.c.obj                4      0         0      
    +--+-----------------------------+------+---------+---------+
       Total:                        430    0         0      
                                                             
       Stack:                        0      0         1024   
       Linker Generated:             0      49        0      
    +--+-----------------------------+------+---------+---------+
       Grand Total:                  3624   2649      1088   


LINKER GENERATED COPY TABLES

__TI_cinit_table @ 00001878 records: 2, size/record: 8, table size: 16
	.data: load addr=00001850, load size=0000000d bytes, run addr=20000000, run size=0000001c bytes, compression=lzss
	.bss: load addr=00001870, load size=00000008 bytes, run addr=2000001c, run size=00000004 bytes, compression=zero_init


LINKER GENERATED HANDLER TABLE

__TI_handler_table @ 00001860 records: 3, size/record: 4, table size: 12
	index: 0, handler: __TI_decompress_lzss
	index: 1, handler: __TI_decompress_none
	index: 2, handler: __TI_zero_init


GLOBAL SYMBOLS: SORTED ALPHABETICALLY BY Name 

address   name                          
-------   ----                          
00000f03  ADC14_IRQHandler              
00000f03  AES256_IRQHandler             
00000c05  BumpInt_Init                  
00000c27  Bump_Init                     
00000c5b  Bump_Read                     
00000f03  BusFault_Handler              
00000f09  C$$EXIT                       
00000f03  COMP_E0_IRQHandler            
00000f03  COMP_E1_IRQHandler            
20000008  CPMwait                       
00000f03  CS_IRQHandler                 
20000000  ClockFrequency                
0000056d  Clock_Delay1ms                
00000543  Clock_Delay1us                
0000052f  Clock_GetFreq                 
00000419  Clock_Init48MHz               
20000014  Crystalstable                 
00000f03  DMA_ERR_IRQHandler            
00000f03  DMA_INT0_IRQHandler           
00000f03  DMA_INT1_IRQHandler           
00000f03  DMA_INT2_IRQHandler           
00000f03  DMA_INT3_IRQHandler           
00000f03  DebugMon_Handler              
00000f03  Default_Handler               
00000f03  EUSCIA0_IRQHandler            
00000f03  EUSCIA1_IRQHandler            
00000f03  EUSCIA2_IRQHandler            
00000f03  EUSCIA3_IRQHandler            
00000f03  EUSCIB0_IRQHandler            
00000f03  EUSCIB1_IRQHandler            
00000f03  EUSCIB2_IRQHandler            
00000f03  EUSCIB3_IRQHandler            
00000f03  FLCTL_IRQHandler              
00000f03  FPU_IRQHandler                
00000f03  HardFault_Handler             
20000010  IFlags                        
00000b0d  LaunchPad_Init                
00000b7d  LaunchPad_Input               
00000b9b  LaunchPad_LED                 
00000bb9  LaunchPad_Output              
00000f03  MemManage_Handler             
000008c1  Motor_Backward                
0000081d  Motor_Forward                 
000007b1  Motor_Init                    
00000887  Motor_Left                    
0000084d  Motor_Right                   
00000803  Motor_Stop                    
00000f03  NMI_Handler                   
00000f03  PCM_IRQHandler                
00000f03  PORT1_IRQHandler              
00000f03  PORT2_IRQHandler              
00000f03  PORT3_IRQHandler              
00000c25  PORT4_IRQHandler              
00000c25  PORT4_IRQHandler              
00000f03  PORT5_IRQHandler              
00000f03  PORT6_IRQHandler              
00000f03  PSS_IRQHandler                
00000aa3  PWM_Duty3                     
00000ac3  PWM_Duty4                     
00000a11  PWM_Init34                    
00000f03  PendSV_Handler                
2000000c  Postwait                      
20000004  Prewait                       
00000f03  RTC_C_IRQHandler              
000006c9  Reflectance_Center            
00000775  Reflectance_End               
000005f9  Reflectance_Init              
000006eb  Reflectance_Position          
00000669  Reflectance_Read              
00000773  Reflectance_Start             
00000ef7  Reset_Handler                 
00000f03  SVC_Handler                   
2000001c  Spt                           
00000f03  SysTick_Handler               
00000d81  SysTick_Init                  
00000d91  SysTick_Wait                  
00000db7  SysTick_Wait10ms              
20000018  SystemCoreClock               
000000e5  SystemCoreClockUpdate         
0000035d  SystemInit                    
00000f03  T32_INT1_IRQHandler           
00000f03  T32_INT2_IRQHandler           
00000f03  T32_INTC_IRQHandler           
00000f03  TA0_0_IRQHandler              
00000f03  TA0_N_IRQHandler              
00000f03  TA1_0_IRQHandler              
00000f03  TA1_N_IRQHandler              
00000f03  TA2_0_IRQHandler              
00000f03  TA2_N_IRQHandler              
00000f03  TA3_0_IRQHandler              
00000f03  TA3_N_IRQHandler              
00000f03  UsageFault_Handler            
4000480c  WDTCTL_SYM                    
00000f03  WDT_A_IRQHandler              
20010000  __STACK_END                   
00000200  __STACK_SIZE                  
00001878  __TI_CINIT_Base               
00001888  __TI_CINIT_Limit              
00001860  __TI_Handler_Table_Base       
0000186c  __TI_Handler_Table_Limit      
00000e55  __TI_auto_init_nobinit_nopinit
00000ded  __TI_decompress_lzss          
00000ee9  __TI_decompress_none          
ffffffff  __TI_pprof_out_hndl           
ffffffff  __TI_prof_data_size           
ffffffff  __TI_prof_data_start          
00000000  __TI_static_base__            
00000ecd  __TI_zero_init_nomemset       
00000ce5  __aeabi_memcpy                
00000ce5  __aeabi_memcpy4               
00000ce5  __aeabi_memcpy8               
ffffffff  __binit__                     
ffffffff  __c_args__                    
UNDEFED   __mpu_init                    
2000fe00  __stack                       
20000000  __start___llvm_prf_cnts       
20000000  __stop___llvm_prf_cnts        
00000e99  _c_int00_noargs               
UNDEFED   _system_post_cinit            
00000f05  _system_pre_init              
00000f09  abort                         
ffffffff  binit                         
00000535  delay                         
00000f0c  fsm                           
00000000  interruptVectors              
000009b9  main                          
00000ce5  memcpy                        
00000911  read                          


GLOBAL SYMBOLS: SORTED BY Symbol Address 

address   name                          
-------   ----                          
00000000  __TI_static_base__            
00000000  interruptVectors              
000000e5  SystemCoreClockUpdate         
00000200  __STACK_SIZE                  
0000035d  SystemInit                    
00000419  Clock_Init48MHz               
0000052f  Clock_GetFreq                 
00000535  delay                         
00000543  Clock_Delay1us                
0000056d  Clock_Delay1ms                
000005f9  Reflectance_Init              
00000669  Reflectance_Read              
000006c9  Reflectance_Center            
000006eb  Reflectance_Position          
00000773  Reflectance_Start             
00000775  Reflectance_End               
000007b1  Motor_Init                    
00000803  Motor_Stop                    
0000081d  Motor_Forward                 
0000084d  Motor_Right                   
00000887  Motor_Left                    
000008c1  Motor_Backward                
00000911  read                          
000009b9  main                          
00000a11  PWM_Init34                    
00000aa3  PWM_Duty3                     
00000ac3  PWM_Duty4                     
00000b0d  LaunchPad_Init                
00000b7d  LaunchPad_Input               
00000b9b  LaunchPad_LED                 
00000bb9  LaunchPad_Output              
00000c05  BumpInt_Init                  
00000c25  PORT4_IRQHandler              
00000c25  PORT4_IRQHandler              
00000c27  Bump_Init                     
00000c5b  Bump_Read                     
00000ce5  __aeabi_memcpy                
00000ce5  __aeabi_memcpy4               
00000ce5  __aeabi_memcpy8               
00000ce5  memcpy                        
00000d81  SysTick_Init                  
00000d91  SysTick_Wait                  
00000db7  SysTick_Wait10ms              
00000ded  __TI_decompress_lzss          
00000e55  __TI_auto_init_nobinit_nopinit
00000e99  _c_int00_noargs               
00000ecd  __TI_zero_init_nomemset       
00000ee9  __TI_decompress_none          
00000ef7  Reset_Handler                 
00000f03  ADC14_IRQHandler              
00000f03  AES256_IRQHandler             
00000f03  BusFault_Handler              
00000f03  COMP_E0_IRQHandler            
00000f03  COMP_E1_IRQHandler            
00000f03  CS_IRQHandler                 
00000f03  DMA_ERR_IRQHandler            
00000f03  DMA_INT0_IRQHandler           
00000f03  DMA_INT1_IRQHandler           
00000f03  DMA_INT2_IRQHandler           
00000f03  DMA_INT3_IRQHandler           
00000f03  DebugMon_Handler              
00000f03  Default_Handler               
00000f03  EUSCIA0_IRQHandler            
00000f03  EUSCIA1_IRQHandler            
00000f03  EUSCIA2_IRQHandler            
00000f03  EUSCIA3_IRQHandler            
00000f03  EUSCIB0_IRQHandler            
00000f03  EUSCIB1_IRQHandler            
00000f03  EUSCIB2_IRQHandler            
00000f03  EUSCIB3_IRQHandler            
00000f03  FLCTL_IRQHandler              
00000f03  FPU_IRQHandler                
00000f03  HardFault_Handler             
00000f03  MemManage_Handler             
00000f03  NMI_Handler                   
00000f03  PCM_IRQHandler                
00000f03  PORT1_IRQHandler              
00000f03  PORT2_IRQHandler              
00000f03  PORT3_IRQHandler              
00000f03  PORT5_IRQHandler              
00000f03  PORT6_IRQHandler              
00000f03  PSS_IRQHandler                
00000f03  PendSV_Handler                
00000f03  RTC_C_IRQHandler              
00000f03  SVC_Handler                   
00000f03  SysTick_Handler               
00000f03  T32_INT1_IRQHandler           
00000f03  T32_INT2_IRQHandler           
00000f03  T32_INTC_IRQHandler           
00000f03  TA0_0_IRQHandler              
00000f03  TA0_N_IRQHandler              
00000f03  TA1_0_IRQHandler              
00000f03  TA1_N_IRQHandler              
00000f03  TA2_0_IRQHandler              
00000f03  TA2_N_IRQHandler              
00000f03  TA3_0_IRQHandler              
00000f03  TA3_N_IRQHandler              
00000f03  UsageFault_Handler            
00000f03  WDT_A_IRQHandler              
00000f05  _system_pre_init              
00000f09  C$$EXIT                       
00000f09  abort                         
00000f0c  fsm                           
00001860  __TI_Handler_Table_Base       
0000186c  __TI_Handler_Table_Limit      
00001878  __TI_CINIT_Base               
00001888  __TI_CINIT_Limit              
20000000  ClockFrequency                
20000000  __start___llvm_prf_cnts       
20000000  __stop___llvm_prf_cnts        
20000004  Prewait                       
20000008  CPMwait                       
2000000c  Postwait                      
20000010  IFlags                        
20000014  Crystalstable                 
20000018  SystemCoreClock               
2000001c  Spt                           
2000fe00  __stack                       
20010000  __STACK_END                   
4000480c  WDTCTL_SYM                    
ffffffff  __TI_pprof_out_hndl           
ffffffff  __TI_prof_data_size           
ffffffff  __TI_prof_data_start          
ffffffff  __binit__                     
ffffffff  __c_args__                    
ffffffff  binit                         
UNDEFED   __mpu_init                    
UNDEFED   _system_post_cinit            

[128 symbols]
