******************************************************************************
                  TI ARM Linker PC v20.2.7                     
******************************************************************************
>> Linked Mon Feb 27 16:41:04 2023

OUTPUT FILE NAME:   <LineFollowRace.out>
ENTRY POINT SYMBOL: "_c_int00_noargs"  address: 00000ee1


MEMORY CONFIGURATION

         name            origin    length      used     unused   attr    fill
----------------------  --------  ---------  --------  --------  ----  --------
  MAIN                  00000000   00040000  00001584  0003ea7c  R  X
  INFO                  00200000   00004000  00000000  00004000  R  X
  SRAM_CODE             01000000   00010000  00000220  0000fde0  RW X
  SRAM_DATA             20000000   00010000  00000220  0000fde0  RW  


SEGMENT ALLOCATION MAP

run origin  load origin   length   init length attrs members
----------  ----------- ---------- ----------- ----- -------
00000000    00000000    00001588   00001588    r-x
  00000000    00000000    000000e4   000000e4    r-- .intvecs
  000000e4    000000e4    00000e70   00000e70    r-x .text
  00000f54    00000f54    000005f8   000005f8    r-- .const
  00001550    00001550    00000038   00000038    r-- .cinit
20000000    20000000    00000020   00000000    rw-
  20000000    20000000    0000001c   00000000    rw- .data
  2000001c    2000001c    00000004   00000000    rw- .bss
2000fe00    2000fe00    00000200   00000000    rw-
  2000fe00    2000fe00    00000200   00000000    rw- .stack


SECTION ALLOCATION MAP

 output                                  attributes/
section   page    origin      length       input sections
--------  ----  ----------  ----------   ----------------
.intvecs   0    00000000    000000e4     
                  00000000    000000e4     startup_msp432p401r_ccs.obj (.intvecs:retain)

.text      0    000000e4    00000e70     
                  000000e4    00000334     system_msp432p401r.obj (.text)
                  00000418    000001e0     Clock.obj (.text)
                  000005f8    000001b8     Reflectance.obj (.text)
                  000007b0    00000160     Motor.obj (.text)
                  00000910    00000148     LineFollowRace.obj (.text)
                  00000a58    000000fc     PWM.obj (.text)
                  00000b54    000000f8     LaunchPad.obj (.text)
                  00000c4c    000000e0     Bump.obj (.text)
                  00000d2c    0000009c     rtsv7M4_T_le_v4SPD16_eabi.lib : memcpy_t2.asm.obj (.text)
                  00000dc8    0000006c     SysTick.obj (.text)
                  00000e34    00000068     rtsv7M4_T_le_v4SPD16_eabi.lib : copy_decompress_lzss.c.obj (.text:decompress:lzss:__TI_decompress_lzss)
                  00000e9c    00000044                                   : autoinit.c.obj (.text:__TI_auto_init_nobinit_nopinit:__TI_auto_init_nobinit_nopinit)
                  00000ee0    00000034                                   : boot_cortex_m.c.obj (.text:_c_int00_noargs:_c_int00_noargs)
                  00000f14    0000001c                                   : copy_zero_init.c.obj (.text:decompress:ZI:__TI_zero_init_nomemset:__TI_zero_init_nomemset)
                  00000f30    0000000e                                   : copy_decompress_none.c.obj (.text:decompress:none:__TI_decompress_none)
                  00000f3e    0000000e     startup_msp432p401r_ccs.obj (.text)
                  00000f4c    00000004     rtsv7M4_T_le_v4SPD16_eabi.lib : pre_init.c.obj (.text:_system_pre_init)
                  00000f50    00000004                                   : exit.c.obj (.text:abort:abort)

.const     0    00000f54    000005f8     
                  00000f54    000005d8     LineFollowRace.obj (.const:fsm)
                  0000152c    00000020     Reflectance.obj (.const:$P$T0$1)

.cinit     0    00001550    00000038     
                  00001550    0000000d     (.cinit..data.load) [load image, compression = lzss]
                  0000155d    00000003     --HOLE-- [fill = 0]
                  00001560    0000000c     (__TI_handler_table)
                  0000156c    00000004     --HOLE-- [fill = 0]
                  00001570    00000008     (.cinit..bss.load) [load image, compression = zero_init]
                  00001578    00000010     (__TI_cinit_table)

.init_array 
*          0    00000000    00000000     UNINITIALIZED

.binit     0    00000000    00000000     

.data      0    20000000    0000001c     UNINITIALIZED
                  20000000    00000018     Clock.obj (.data)
                  20000018    00000004     system_msp432p401r.obj (.data)

.bss       0    2000001c    00000004     UNINITIALIZED
                  2000001c    00000004     (.common:Spt)

.stack     0    2000fe00    00000200     UNINITIALIZED
                  2000fe00    00000004     rtsv7M4_T_le_v4SPD16_eabi.lib : boot_cortex_m.c.obj (.stack)
                  2000fe04    000001fc     --HOLE--

__llvm_prf_cnts 
*          0    20000000    00000000     UNINITIALIZED

MODULE SUMMARY

       Module                        code   ro data   rw data
       ------                        ----   -------   -------
    .\
       LineFollowRace.obj            328    1496      8      
       system_msp432p401r.obj        820    0         8      
       Clock.obj                     480    0         48     
       Reflectance.obj               440    32        0      
       Motor.obj                     352    0         0      
       PWM.obj                       252    0         0      
       LaunchPad.obj                 248    0         0      
       startup_msp432p401r_ccs.obj   14     228       0      
       Bump.obj                      224    0         0      
       SysTick.obj                   108    0         0      
    +--+-----------------------------+------+---------+---------+
       Total:                        3266   1756      64     
                                                             
    C:\ti\ccs1210\ccs\tools\compiler\ti-cgt-arm_20.2.7.LTS\lib\rtsv7M4_T_le_v4SPD16_eabi.lib
       memcpy_t2.asm.obj             156    0         0      
       copy_decompress_lzss.c.obj    104    0         0      
       autoinit.c.obj                68     0         0      
       boot_cortex_m.c.obj           52     0         0      
       copy_zero_init.c.obj          28     0         0      
       copy_decompress_none.c.obj    14     0         0      
       exit.c.obj                    4      0         0      
       pre_init.c.obj                4      0         0      
    +--+-----------------------------+------+---------+---------+
       Total:                        430    0         0      
                                                             
       Stack:                        0      0         1024   
       Linker Generated:             0      49        0      
    +--+-----------------------------+------+---------+---------+
       Grand Total:                  3696   1805      1088   


LINKER GENERATED COPY TABLES

__TI_cinit_table @ 00001578 records: 2, size/record: 8, table size: 16
	.data: load addr=00001550, load size=0000000d bytes, run addr=20000000, run size=0000001c bytes, compression=lzss
	.bss: load addr=00001570, load size=00000008 bytes, run addr=2000001c, run size=00000004 bytes, compression=zero_init


LINKER GENERATED HANDLER TABLE

__TI_handler_table @ 00001560 records: 3, size/record: 4, table size: 12
	index: 0, handler: __TI_decompress_lzss
	index: 1, handler: __TI_decompress_none
	index: 2, handler: __TI_zero_init


GLOBAL SYMBOLS: SORTED ALPHABETICALLY BY Name 

address   name                          
-------   ----                          
00000f4b  ADC14_IRQHandler              
00000f4b  AES256_IRQHandler             
00000c4d  BumpInt_Init                  
00000c6f  Bump_Init                     
00000ca3  Bump_Read                     
00000f4b  BusFault_Handler              
00000f51  C$$EXIT                       
00000f4b  COMP_E0_IRQHandler            
00000f4b  COMP_E1_IRQHandler            
20000008  CPMwait                       
00000f4b  CS_IRQHandler                 
20000000  ClockFrequency                
0000056d  Clock_Delay1ms                
00000543  Clock_Delay1us                
0000052f  Clock_GetFreq                 
00000419  Clock_Init48MHz               
20000014  Crystalstable                 
00000f4b  DMA_ERR_IRQHandler            
00000f4b  DMA_INT0_IRQHandler           
00000f4b  DMA_INT1_IRQHandler           
00000f4b  DMA_INT2_IRQHandler           
00000f4b  DMA_INT3_IRQHandler           
00000f4b  DebugMon_Handler              
00000f4b  Default_Handler               
00000f4b  EUSCIA0_IRQHandler            
00000f4b  EUSCIA1_IRQHandler            
00000f4b  EUSCIA2_IRQHandler            
00000f4b  EUSCIA3_IRQHandler            
00000f4b  EUSCIB0_IRQHandler            
00000f4b  EUSCIB1_IRQHandler            
00000f4b  EUSCIB2_IRQHandler            
00000f4b  EUSCIB3_IRQHandler            
00000f4b  FLCTL_IRQHandler              
00000f4b  FPU_IRQHandler                
00000f4b  HardFault_Handler             
20000010  IFlags                        
00000b55  LaunchPad_Init                
00000bc5  LaunchPad_Input               
00000be3  LaunchPad_LED                 
00000c01  LaunchPad_Output              
00000f4b  MemManage_Handler             
000008c1  Motor_Backward                
0000081d  Motor_Forward                 
000007b1  Motor_Init                    
00000887  Motor_Left                    
0000084d  Motor_Right                   
00000803  Motor_Stop                    
00000f4b  NMI_Handler                   
00000f4b  PCM_IRQHandler                
00000f4b  PORT1_IRQHandler              
00000f4b  PORT2_IRQHandler              
00000f4b  PORT3_IRQHandler              
00000c6d  PORT4_IRQHandler              
00000c6d  PORT4_IRQHandler              
00000f4b  PORT5_IRQHandler              
00000f4b  PORT6_IRQHandler              
00000f4b  PSS_IRQHandler                
00000aeb  PWM_Duty3                     
00000b0b  PWM_Duty4                     
00000a59  PWM_Init34                    
00000f4b  PendSV_Handler                
2000000c  Postwait                      
20000004  Prewait                       
00000f4b  RTC_C_IRQHandler              
000006c9  Reflectance_Center            
00000775  Reflectance_End               
000005f9  Reflectance_Init              
000006eb  Reflectance_Position          
00000669  Reflectance_Read              
00000773  Reflectance_Start             
00000f3f  Reset_Handler                 
00000f4b  SVC_Handler                   
2000001c  Spt                           
00000f4b  SysTick_Handler               
00000dc9  SysTick_Init                  
00000dd9  SysTick_Wait                  
00000dff  SysTick_Wait10ms              
20000018  SystemCoreClock               
000000e5  SystemCoreClockUpdate         
0000035d  SystemInit                    
00000f4b  T32_INT1_IRQHandler           
00000f4b  T32_INT2_IRQHandler           
00000f4b  T32_INTC_IRQHandler           
00000f4b  TA0_0_IRQHandler              
00000f4b  TA0_N_IRQHandler              
00000f4b  TA1_0_IRQHandler              
00000f4b  TA1_N_IRQHandler              
00000f4b  TA2_0_IRQHandler              
00000f4b  TA2_N_IRQHandler              
00000f4b  TA3_0_IRQHandler              
00000f4b  TA3_N_IRQHandler              
00000f4b  UsageFault_Handler            
4000480c  WDTCTL_SYM                    
00000f4b  WDT_A_IRQHandler              
20010000  __STACK_END                   
00000200  __STACK_SIZE                  
00001578  __TI_CINIT_Base               
00001588  __TI_CINIT_Limit              
00001560  __TI_Handler_Table_Base       
0000156c  __TI_Handler_Table_Limit      
00000e9d  __TI_auto_init_nobinit_nopinit
00000e35  __TI_decompress_lzss          
00000f31  __TI_decompress_none          
ffffffff  __TI_pprof_out_hndl           
ffffffff  __TI_prof_data_size           
ffffffff  __TI_prof_data_start          
00000000  __TI_static_base__            
00000f15  __TI_zero_init_nomemset       
00000d2d  __aeabi_memcpy                
00000d2d  __aeabi_memcpy4               
00000d2d  __aeabi_memcpy8               
ffffffff  __binit__                     
ffffffff  __c_args__                    
UNDEFED   __mpu_init                    
2000fe00  __stack                       
20000000  __start___llvm_prf_cnts       
20000000  __stop___llvm_prf_cnts        
00000ee1  _c_int00_noargs               
UNDEFED   _system_post_cinit            
00000f4d  _system_pre_init              
00000f51  abort                         
ffffffff  binit                         
00000535  delay                         
00000f54  fsm                           
00000000  interruptVectors              
000009b1  main                          
00000d2d  memcpy                        
00000911  read                          


GLOBAL SYMBOLS: SORTED BY Symbol Address 

address   name                          
-------   ----                          
00000000  __TI_static_base__            
00000000  interruptVectors              
000000e5  SystemCoreClockUpdate         
00000200  __STACK_SIZE                  
0000035d  SystemInit                    
00000419  Clock_Init48MHz               
0000052f  Clock_GetFreq                 
00000535  delay                         
00000543  Clock_Delay1us                
0000056d  Clock_Delay1ms                
000005f9  Reflectance_Init              
00000669  Reflectance_Read              
000006c9  Reflectance_Center            
000006eb  Reflectance_Position          
00000773  Reflectance_Start             
00000775  Reflectance_End               
000007b1  Motor_Init                    
00000803  Motor_Stop                    
0000081d  Motor_Forward                 
0000084d  Motor_Right                   
00000887  Motor_Left                    
000008c1  Motor_Backward                
00000911  read                          
000009b1  main                          
00000a59  PWM_Init34                    
00000aeb  PWM_Duty3                     
00000b0b  PWM_Duty4                     
00000b55  LaunchPad_Init                
00000bc5  LaunchPad_Input               
00000be3  LaunchPad_LED                 
00000c01  LaunchPad_Output              
00000c4d  BumpInt_Init                  
00000c6d  PORT4_IRQHandler              
00000c6d  PORT4_IRQHandler              
00000c6f  Bump_Init                     
00000ca3  Bump_Read                     
00000d2d  __aeabi_memcpy                
00000d2d  __aeabi_memcpy4               
00000d2d  __aeabi_memcpy8               
00000d2d  memcpy                        
00000dc9  SysTick_Init                  
00000dd9  SysTick_Wait                  
00000dff  SysTick_Wait10ms              
00000e35  __TI_decompress_lzss          
00000e9d  __TI_auto_init_nobinit_nopinit
00000ee1  _c_int00_noargs               
00000f15  __TI_zero_init_nomemset       
00000f31  __TI_decompress_none          
00000f3f  Reset_Handler                 
00000f4b  ADC14_IRQHandler              
00000f4b  AES256_IRQHandler             
00000f4b  BusFault_Handler              
00000f4b  COMP_E0_IRQHandler            
00000f4b  COMP_E1_IRQHandler            
00000f4b  CS_IRQHandler                 
00000f4b  DMA_ERR_IRQHandler            
00000f4b  DMA_INT0_IRQHandler           
00000f4b  DMA_INT1_IRQHandler           
00000f4b  DMA_INT2_IRQHandler           
00000f4b  DMA_INT3_IRQHandler           
00000f4b  DebugMon_Handler              
00000f4b  Default_Handler               
00000f4b  EUSCIA0_IRQHandler            
00000f4b  EUSCIA1_IRQHandler            
00000f4b  EUSCIA2_IRQHandler            
00000f4b  EUSCIA3_IRQHandler            
00000f4b  EUSCIB0_IRQHandler            
00000f4b  EUSCIB1_IRQHandler            
00000f4b  EUSCIB2_IRQHandler            
00000f4b  EUSCIB3_IRQHandler            
00000f4b  FLCTL_IRQHandler              
00000f4b  FPU_IRQHandler                
00000f4b  HardFault_Handler             
00000f4b  MemManage_Handler             
00000f4b  NMI_Handler                   
00000f4b  PCM_IRQHandler                
00000f4b  PORT1_IRQHandler              
00000f4b  PORT2_IRQHandler              
00000f4b  PORT3_IRQHandler              
00000f4b  PORT5_IRQHandler              
00000f4b  PORT6_IRQHandler              
00000f4b  PSS_IRQHandler                
00000f4b  PendSV_Handler                
00000f4b  RTC_C_IRQHandler              
00000f4b  SVC_Handler                   
00000f4b  SysTick_Handler               
00000f4b  T32_INT1_IRQHandler           
00000f4b  T32_INT2_IRQHandler           
00000f4b  T32_INTC_IRQHandler           
00000f4b  TA0_0_IRQHandler              
00000f4b  TA0_N_IRQHandler              
00000f4b  TA1_0_IRQHandler              
00000f4b  TA1_N_IRQHandler              
00000f4b  TA2_0_IRQHandler              
00000f4b  TA2_N_IRQHandler              
00000f4b  TA3_0_IRQHandler              
00000f4b  TA3_N_IRQHandler              
00000f4b  UsageFault_Handler            
00000f4b  WDT_A_IRQHandler              
00000f4d  _system_pre_init              
00000f51  C$$EXIT                       
00000f51  abort                         
00000f54  fsm                           
00001560  __TI_Handler_Table_Base       
0000156c  __TI_Handler_Table_Limit      
00001578  __TI_CINIT_Base               
00001588  __TI_CINIT_Limit              
20000000  ClockFrequency                
20000000  __start___llvm_prf_cnts       
20000000  __stop___llvm_prf_cnts        
20000004  Prewait                       
20000008  CPMwait                       
2000000c  Postwait                      
20000010  IFlags                        
20000014  Crystalstable                 
20000018  SystemCoreClock               
2000001c  Spt                           
2000fe00  __stack                       
20010000  __STACK_END                   
4000480c  WDTCTL_SYM                    
ffffffff  __TI_pprof_out_hndl           
ffffffff  __TI_prof_data_size           
ffffffff  __TI_prof_data_start          
ffffffff  __binit__                     
ffffffff  __c_args__                    
ffffffff  binit                         
UNDEFED   __mpu_init                    
UNDEFED   _system_post_cinit            

[128 symbols]
