******************************************************************************
                  TI ARM Linker PC v20.2.7                     
******************************************************************************
>> Linked Wed Mar  1 23:43:51 2023

OUTPUT FILE NAME:   <LineFollowRace.out>
ENTRY POINT SYMBOL: "_c_int00_noargs"  address: 00000ec5


MEMORY CONFIGURATION

         name            origin    length      used     unused   attr    fill
----------------------  --------  ---------  --------  --------  ----  --------
  MAIN                  00000000   00040000  00001548  0003eab8  R  X
  INFO                  00200000   00004000  00000000  00004000  R  X
  SRAM_CODE             01000000   00010000  00000221  0000fddf  RW X
  SRAM_DATA             20000000   00010000  00000221  0000fddf  RW  


SEGMENT ALLOCATION MAP

run origin  load origin   length   init length attrs members
----------  ----------- ---------- ----------- ----- -------
00000000    00000000    00001548   00001548    r-x
  00000000    00000000    000000e4   000000e4    r-- .intvecs
  000000e4    000000e4    00000e54   00000e54    r-x .text
  00000f38    00000f38    000005d8   000005d8    r-- .const
  00001510    00001510    00000038   00000038    r-- .cinit
20000000    20000000    00000024   00000000    rw-
  20000000    20000000    0000001d   00000000    rw- .data
  20000020    20000020    00000004   00000000    rw- .bss
2000fe00    2000fe00    00000200   00000000    rw-
  2000fe00    2000fe00    00000200   00000000    rw- .stack


SECTION ALLOCATION MAP

 output                                  attributes/
section   page    origin      length       input sections
--------  ----  ----------  ----------   ----------------
.intvecs   0    00000000    000000e4     
                  00000000    000000e4     startup_msp432p401r_ccs.obj (.intvecs:retain)

.text      0    000000e4    00000e54     
                  000000e4    00000334     system_msp432p401r.obj (.text)
                  00000418    000001f4     LineFollowRace.obj (.text)
                  0000060c    000001d8     Clock.obj (.text)
                  000007e4    00000190     Reflectance.obj (.text)
                  00000974    00000160     Motor.obj (.text)
                  00000ad4    000000c8     Bump.obj (.text)
                  00000b9c    000000bc     PWM.obj (.text)
                  00000c58    000000b8     LaunchPad.obj (.text)
                  00000d10    0000009c     rtsv7M4_T_le_v4SPD16_eabi.lib : memcpy_t2.asm.obj (.text)
                  00000dac    0000006c     SysTick.obj (.text)
                  00000e18    00000068     rtsv7M4_T_le_v4SPD16_eabi.lib : copy_decompress_lzss.c.obj (.text:decompress:lzss:__TI_decompress_lzss)
                  00000e80    00000044                                   : autoinit.c.obj (.text:__TI_auto_init_nobinit_nopinit:__TI_auto_init_nobinit_nopinit)
                  00000ec4    00000034                                   : boot_cortex_m.c.obj (.text:_c_int00_noargs:_c_int00_noargs)
                  00000ef8    0000001c                                   : copy_zero_init.c.obj (.text:decompress:ZI:__TI_zero_init_nomemset:__TI_zero_init_nomemset)
                  00000f14    0000000e                                   : copy_decompress_none.c.obj (.text:decompress:none:__TI_decompress_none)
                  00000f22    0000000e     startup_msp432p401r_ccs.obj (.text)
                  00000f30    00000004     rtsv7M4_T_le_v4SPD16_eabi.lib : pre_init.c.obj (.text:_system_pre_init)
                  00000f34    00000004                                   : exit.c.obj (.text:abort:abort)

.const     0    00000f38    000005d8     
                  00000f38    000005d8     LineFollowRace.obj (.const:fsm)

.cinit     0    00001510    00000038     
                  00001510    0000000d     (.cinit..data.load) [load image, compression = lzss]
                  0000151d    00000003     --HOLE-- [fill = 0]
                  00001520    0000000c     (__TI_handler_table)
                  0000152c    00000004     --HOLE-- [fill = 0]
                  00001530    00000008     (.cinit..bss.load) [load image, compression = zero_init]
                  00001538    00000010     (__TI_cinit_table)

.init_array 
*          0    00000000    00000000     UNINITIALIZED

.binit     0    00000000    00000000     

.data      0    20000000    0000001d     UNINITIALIZED
                  20000000    00000018     Clock.obj (.data)
                  20000018    00000004     system_msp432p401r.obj (.data)
                  2000001c    00000001     LineFollowRace.obj (.data)

.bss       0    20000020    00000004     UNINITIALIZED
                  20000020    00000004     (.common:Spt)

.stack     0    2000fe00    00000200     UNINITIALIZED
                  2000fe00    00000004     rtsv7M4_T_le_v4SPD16_eabi.lib : boot_cortex_m.c.obj (.stack)
                  2000fe04    000001fc     --HOLE--

__llvm_prf_cnts 
*          0    20000000    00000000     UNINITIALIZED

MODULE SUMMARY

       Module                        code   ro data   rw data
       ------                        ----   -------   -------
    .\
       LineFollowRace.obj            500    1496      10     
       system_msp432p401r.obj        820    0         8      
       Clock.obj                     472    0         48     
       Reflectance.obj               400    0         0      
       Motor.obj                     352    0         0      
       startup_msp432p401r_ccs.obj   14     228       0      
       Bump.obj                      200    0         0      
       PWM.obj                       188    0         0      
       LaunchPad.obj                 184    0         0      
       SysTick.obj                   108    0         0      
    +--+-----------------------------+------+---------+---------+
       Total:                        3238   1724      66     
                                                             
    C:\ti\ccs1220\ccs\tools\compiler\ti-cgt-arm_20.2.7.LTS\lib\rtsv7M4_T_le_v4SPD16_eabi.lib
       memcpy_t2.asm.obj             156    0         0      
       copy_decompress_lzss.c.obj    104    0         0      
       autoinit.c.obj                68     0         0      
       boot_cortex_m.c.obj           52     0         0      
       copy_zero_init.c.obj          28     0         0      
       copy_decompress_none.c.obj    14     0         0      
       exit.c.obj                    4      0         0      
       pre_init.c.obj                4      0         0      
    +--+-----------------------------+------+---------+---------+
       Total:                        430    0         0      
                                                             
       Stack:                        0      0         1024   
       Linker Generated:             0      49        0      
    +--+-----------------------------+------+---------+---------+
       Grand Total:                  3668   1773      1090   


LINKER GENERATED COPY TABLES

__TI_cinit_table @ 00001538 records: 2, size/record: 8, table size: 16
	.data: load addr=00001510, load size=0000000d bytes, run addr=20000000, run size=0000001d bytes, compression=lzss
	.bss: load addr=00001530, load size=00000008 bytes, run addr=20000020, run size=00000004 bytes, compression=zero_init


LINKER GENERATED HANDLER TABLE

__TI_handler_table @ 00001520 records: 3, size/record: 4, table size: 12
	index: 0, handler: __TI_decompress_lzss
	index: 1, handler: __TI_decompress_none
	index: 2, handler: __TI_zero_init


GLOBAL SYMBOLS: SORTED ALPHABETICALLY BY Name 

address   name                          
-------   ----                          
00000f2f  ADC14_IRQHandler              
00000f2f  AES256_IRQHandler             
00000b01  BumpInt_Init                  
00000b41  Bump_Init                     
00000f2f  BusFault_Handler              
00000f35  C$$EXIT                       
00000f2f  COMP_E0_IRQHandler            
00000f2f  COMP_E1_IRQHandler            
20000008  CPMwait                       
00000f2f  CS_IRQHandler                 
20000000  ClockFrequency                
0000075b  Clock_Delay1ms                
00000731  Clock_Delay1us                
0000060d  Clock_Init48MHz               
20000014  Crystalstable                 
00000f2f  DMA_ERR_IRQHandler            
00000f2f  DMA_INT0_IRQHandler           
00000f2f  DMA_INT1_IRQHandler           
00000f2f  DMA_INT2_IRQHandler           
00000f2f  DMA_INT3_IRQHandler           
00000f2f  DebugMon_Handler              
00000f2f  Default_Handler               
00000f2f  EUSCIA0_IRQHandler            
00000f2f  EUSCIA1_IRQHandler            
00000f2f  EUSCIA2_IRQHandler            
00000f2f  EUSCIA3_IRQHandler            
00000f2f  EUSCIB0_IRQHandler            
00000f2f  EUSCIB1_IRQHandler            
00000f2f  EUSCIB2_IRQHandler            
00000f2f  EUSCIB3_IRQHandler            
00000f2f  FLCTL_IRQHandler              
00000f2f  FPU_IRQHandler                
00000f2f  HardFault_Handler             
20000010  IFlags                        
00000c59  LaunchPad_Init                
00000cc9  LaunchPad_Output              
00000f2f  MemManage_Handler             
00000a85  Motor_Backward                
000009e1  Motor_Forward                 
00000975  Motor_Init                    
00000a4b  Motor_Left                    
00000a11  Motor_Right                   
000009c7  Motor_Stop                    
00000f2f  NMI_Handler                   
00000f2f  PCM_IRQHandler                
00000f2f  PORT1_IRQHandler              
00000f2f  PORT2_IRQHandler              
00000f2f  PORT3_IRQHandler              
00000b29  PORT4_IRQHandler              
00000b29  PORT4_IRQHandler              
00000f2f  PORT5_IRQHandler              
00000f2f  PORT6_IRQHandler              
00000f2f  PSS_IRQHandler                
00000b9d  PWM_Init34                    
00000f2f  PendSV_Handler                
2000000c  Postwait                      
20000004  Prewait                       
00000f2f  RTC_C_IRQHandler              
000007e5  Reflectance_Init              
00000855  Reflectance_Read              
00000f23  Reset_Handler                 
00000f2f  SVC_Handler                   
20000020  Spt                           
00000f2f  SysTick_Handler               
00000dad  SysTick_Init                  
00000dbd  SysTick_Wait                  
00000de3  SysTick_Wait10ms              
20000018  SystemCoreClock               
000000e5  SystemCoreClockUpdate         
0000035d  SystemInit                    
00000f2f  T32_INT1_IRQHandler           
00000f2f  T32_INT2_IRQHandler           
00000f2f  T32_INTC_IRQHandler           
00000f2f  TA0_0_IRQHandler              
00000f2f  TA0_N_IRQHandler              
00000f2f  TA1_0_IRQHandler              
00000f2f  TA1_N_IRQHandler              
00000f2f  TA2_0_IRQHandler              
00000f2f  TA2_N_IRQHandler              
00000f2f  TA3_0_IRQHandler              
00000f2f  TA3_N_IRQHandler              
00000f2f  UsageFault_Handler            
4000480c  WDTCTL_SYM                    
00000f2f  WDT_A_IRQHandler              
20010000  __STACK_END                   
00000200  __STACK_SIZE                  
00001538  __TI_CINIT_Base               
00001548  __TI_CINIT_Limit              
00001520  __TI_Handler_Table_Base       
0000152c  __TI_Handler_Table_Limit      
00000e81  __TI_auto_init_nobinit_nopinit
00000e19  __TI_decompress_lzss          
00000f15  __TI_decompress_none          
ffffffff  __TI_pprof_out_hndl           
ffffffff  __TI_prof_data_size           
ffffffff  __TI_prof_data_start          
00000000  __TI_static_base__            
00000ef9  __TI_zero_init_nomemset       
00000d11  __aeabi_memcpy                
00000d11  __aeabi_memcpy4               
00000d11  __aeabi_memcpy8               
ffffffff  __binit__                     
ffffffff  __c_args__                    
UNDEFED   __mpu_init                    
2000fe00  __stack                       
20000000  __start___llvm_prf_cnts       
20000000  __stop___llvm_prf_cnts        
00000ec5  _c_int00_noargs               
UNDEFED   _system_post_cinit            
00000f31  _system_pre_init              
00000f35  abort                         
000004e3  allPortsDisable_Init          
ffffffff  binit                         
2000001c  bump_detected                 
00000723  delay                         
00000f38  fsm                           
00000000  interruptVectors              
00000419  main                          
00000d11  memcpy                        


GLOBAL SYMBOLS: SORTED BY Symbol Address 

address   name                          
-------   ----                          
00000000  __TI_static_base__            
00000000  interruptVectors              
000000e5  SystemCoreClockUpdate         
00000200  __STACK_SIZE                  
0000035d  SystemInit                    
00000419  main                          
000004e3  allPortsDisable_Init          
0000060d  Clock_Init48MHz               
00000723  delay                         
00000731  Clock_Delay1us                
0000075b  Clock_Delay1ms                
000007e5  Reflectance_Init              
00000855  Reflectance_Read              
00000975  Motor_Init                    
000009c7  Motor_Stop                    
000009e1  Motor_Forward                 
00000a11  Motor_Right                   
00000a4b  Motor_Left                    
00000a85  Motor_Backward                
00000b01  BumpInt_Init                  
00000b29  PORT4_IRQHandler              
00000b29  PORT4_IRQHandler              
00000b41  Bump_Init                     
00000b9d  PWM_Init34                    
00000c59  LaunchPad_Init                
00000cc9  LaunchPad_Output              
00000d11  __aeabi_memcpy                
00000d11  __aeabi_memcpy4               
00000d11  __aeabi_memcpy8               
00000d11  memcpy                        
00000dad  SysTick_Init                  
00000dbd  SysTick_Wait                  
00000de3  SysTick_Wait10ms              
00000e19  __TI_decompress_lzss          
00000e81  __TI_auto_init_nobinit_nopinit
00000ec5  _c_int00_noargs               
00000ef9  __TI_zero_init_nomemset       
00000f15  __TI_decompress_none          
00000f23  Reset_Handler                 
00000f2f  ADC14_IRQHandler              
00000f2f  AES256_IRQHandler             
00000f2f  BusFault_Handler              
00000f2f  COMP_E0_IRQHandler            
00000f2f  COMP_E1_IRQHandler            
00000f2f  CS_IRQHandler                 
00000f2f  DMA_ERR_IRQHandler            
00000f2f  DMA_INT0_IRQHandler           
00000f2f  DMA_INT1_IRQHandler           
00000f2f  DMA_INT2_IRQHandler           
00000f2f  DMA_INT3_IRQHandler           
00000f2f  DebugMon_Handler              
00000f2f  Default_Handler               
00000f2f  EUSCIA0_IRQHandler            
00000f2f  EUSCIA1_IRQHandler            
00000f2f  EUSCIA2_IRQHandler            
00000f2f  EUSCIA3_IRQHandler            
00000f2f  EUSCIB0_IRQHandler            
00000f2f  EUSCIB1_IRQHandler            
00000f2f  EUSCIB2_IRQHandler            
00000f2f  EUSCIB3_IRQHandler            
00000f2f  FLCTL_IRQHandler              
00000f2f  FPU_IRQHandler                
00000f2f  HardFault_Handler             
00000f2f  MemManage_Handler             
00000f2f  NMI_Handler                   
00000f2f  PCM_IRQHandler                
00000f2f  PORT1_IRQHandler              
00000f2f  PORT2_IRQHandler              
00000f2f  PORT3_IRQHandler              
00000f2f  PORT5_IRQHandler              
00000f2f  PORT6_IRQHandler              
00000f2f  PSS_IRQHandler                
00000f2f  PendSV_Handler                
00000f2f  RTC_C_IRQHandler              
00000f2f  SVC_Handler                   
00000f2f  SysTick_Handler               
00000f2f  T32_INT1_IRQHandler           
00000f2f  T32_INT2_IRQHandler           
00000f2f  T32_INTC_IRQHandler           
00000f2f  TA0_0_IRQHandler              
00000f2f  TA0_N_IRQHandler              
00000f2f  TA1_0_IRQHandler              
00000f2f  TA1_N_IRQHandler              
00000f2f  TA2_0_IRQHandler              
00000f2f  TA2_N_IRQHandler              
00000f2f  TA3_0_IRQHandler              
00000f2f  TA3_N_IRQHandler              
00000f2f  UsageFault_Handler            
00000f2f  WDT_A_IRQHandler              
00000f31  _system_pre_init              
00000f35  C$$EXIT                       
00000f35  abort                         
00000f38  fsm                           
00001520  __TI_Handler_Table_Base       
0000152c  __TI_Handler_Table_Limit      
00001538  __TI_CINIT_Base               
00001548  __TI_CINIT_Limit              
20000000  ClockFrequency                
20000000  __start___llvm_prf_cnts       
20000000  __stop___llvm_prf_cnts        
20000004  Prewait                       
20000008  CPMwait                       
2000000c  Postwait                      
20000010  IFlags                        
20000014  Crystalstable                 
20000018  SystemCoreClock               
2000001c  bump_detected                 
20000020  Spt                           
2000fe00  __stack                       
20010000  __STACK_END                   
4000480c  WDTCTL_SYM                    
ffffffff  __TI_pprof_out_hndl           
ffffffff  __TI_prof_data_size           
ffffffff  __TI_prof_data_start          
ffffffff  __binit__                     
ffffffff  __c_args__                    
ffffffff  binit                         
UNDEFED   __mpu_init                    
UNDEFED   _system_post_cinit            

[119 symbols]
