******************************************************************************
                  TI ARM Linker PC v20.2.7                     
******************************************************************************
>> Linked Mon Feb 27 17:16:53 2023

OUTPUT FILE NAME:   <LineFollowRace.out>
ENTRY POINT SYMBOL: "_c_int00_noargs"  address: 00000f4d


MEMORY CONFIGURATION

         name            origin    length      used     unused   attr    fill
----------------------  --------  ---------  --------  --------  ----  --------
  MAIN                  00000000   00040000  000015f0  0003ea10  R  X
  INFO                  00200000   00004000  00000000  00004000  R  X
  SRAM_CODE             01000000   00010000  00000221  0000fddf  RW X
  SRAM_DATA             20000000   00010000  00000221  0000fddf  RW  


SEGMENT ALLOCATION MAP

run origin  load origin   length   init length attrs members
----------  ----------- ---------- ----------- ----- -------
00000000    00000000    000015f0   000015f0    r-x
  00000000    00000000    000000e4   000000e4    r-- .intvecs
  000000e4    000000e4    00000edc   00000edc    r-x .text
  00000fc0    00000fc0    000005f8   000005f8    r-- .const
  000015b8    000015b8    00000038   00000038    r-- .cinit
20000000    20000000    00000024   00000000    rw-
  20000000    20000000    0000001d   00000000    rw- .data
  20000020    20000020    00000004   00000000    rw- .bss
2000fe00    2000fe00    00000200   00000000    rw-
  2000fe00    2000fe00    00000200   00000000    rw- .stack


SECTION ALLOCATION MAP

 output                                  attributes/
section   page    origin      length       input sections
--------  ----  ----------  ----------   ----------------
.intvecs   0    00000000    000000e4     
                  00000000    000000e4     startup_msp432p401r_ccs.obj (.intvecs:retain)

.text      0    000000e4    00000edc     
                  000000e4    00000334     system_msp432p401r.obj (.text)
                  00000418    000001e0     Clock.obj (.text)
                  000005f8    000001b8     Reflectance.obj (.text)
                  000007b0    00000160     Motor.obj (.text)
                  00000910    0000015c     LineFollowRace.obj (.text)
                  00000a6c    00000138     Bump.obj (.text)
                  00000ba4    000000fc     PWM.obj (.text)
                  00000ca0    000000f8     LaunchPad.obj (.text)
                  00000d98    0000009c     rtsv7M4_T_le_v4SPD16_eabi.lib : memcpy_t2.asm.obj (.text)
                  00000e34    0000006c     SysTick.obj (.text)
                  00000ea0    00000068     rtsv7M4_T_le_v4SPD16_eabi.lib : copy_decompress_lzss.c.obj (.text:decompress:lzss:__TI_decompress_lzss)
                  00000f08    00000044                                   : autoinit.c.obj (.text:__TI_auto_init_nobinit_nopinit:__TI_auto_init_nobinit_nopinit)
                  00000f4c    00000034                                   : boot_cortex_m.c.obj (.text:_c_int00_noargs:_c_int00_noargs)
                  00000f80    0000001c                                   : copy_zero_init.c.obj (.text:decompress:ZI:__TI_zero_init_nomemset:__TI_zero_init_nomemset)
                  00000f9c    0000000e                                   : copy_decompress_none.c.obj (.text:decompress:none:__TI_decompress_none)
                  00000faa    0000000e     startup_msp432p401r_ccs.obj (.text)
                  00000fb8    00000004     rtsv7M4_T_le_v4SPD16_eabi.lib : pre_init.c.obj (.text:_system_pre_init)
                  00000fbc    00000004                                   : exit.c.obj (.text:abort:abort)

.const     0    00000fc0    000005f8     
                  00000fc0    000005d8     LineFollowRace.obj (.const:fsm)
                  00001598    00000020     Reflectance.obj (.const:$P$T0$1)

.cinit     0    000015b8    00000038     
                  000015b8    0000000d     (.cinit..data.load) [load image, compression = lzss]
                  000015c5    00000003     --HOLE-- [fill = 0]
                  000015c8    0000000c     (__TI_handler_table)
                  000015d4    00000004     --HOLE-- [fill = 0]
                  000015d8    00000008     (.cinit..bss.load) [load image, compression = zero_init]
                  000015e0    00000010     (__TI_cinit_table)

.init_array 
*          0    00000000    00000000     UNINITIALIZED

.binit     0    00000000    00000000     

.data      0    20000000    0000001d     UNINITIALIZED
                  20000000    00000018     Clock.obj (.data)
                  20000018    00000004     system_msp432p401r.obj (.data)
                  2000001c    00000001     LineFollowRace.obj (.data)

.bss       0    20000020    00000004     UNINITIALIZED
                  20000020    00000004     (.common:Spt)

.stack     0    2000fe00    00000200     UNINITIALIZED
                  2000fe00    00000004     rtsv7M4_T_le_v4SPD16_eabi.lib : boot_cortex_m.c.obj (.stack)
                  2000fe04    000001fc     --HOLE--

__llvm_prf_cnts 
*          0    20000000    00000000     UNINITIALIZED

MODULE SUMMARY

       Module                        code   ro data   rw data
       ------                        ----   -------   -------
    .\
       LineFollowRace.obj            348    1496      10     
       system_msp432p401r.obj        820    0         8      
       Clock.obj                     480    0         48     
       Reflectance.obj               440    32        0      
       Motor.obj                     352    0         0      
       Bump.obj                      312    0         0      
       PWM.obj                       252    0         0      
       LaunchPad.obj                 248    0         0      
       startup_msp432p401r_ccs.obj   14     228       0      
       SysTick.obj                   108    0         0      
    +--+-----------------------------+------+---------+---------+
       Total:                        3374   1756      66     
                                                             
    C:\ti\ccs1210\ccs\tools\compiler\ti-cgt-arm_20.2.7.LTS\lib\rtsv7M4_T_le_v4SPD16_eabi.lib
       memcpy_t2.asm.obj             156    0         0      
       copy_decompress_lzss.c.obj    104    0         0      
       autoinit.c.obj                68     0         0      
       boot_cortex_m.c.obj           52     0         0      
       copy_zero_init.c.obj          28     0         0      
       copy_decompress_none.c.obj    14     0         0      
       exit.c.obj                    4      0         0      
       pre_init.c.obj                4      0         0      
    +--+-----------------------------+------+---------+---------+
       Total:                        430    0         0      
                                                             
       Stack:                        0      0         1024   
       Linker Generated:             0      49        0      
    +--+-----------------------------+------+---------+---------+
       Grand Total:                  3804   1805      1090   


LINKER GENERATED COPY TABLES

__TI_cinit_table @ 000015e0 records: 2, size/record: 8, table size: 16
	.data: load addr=000015b8, load size=0000000d bytes, run addr=20000000, run size=0000001d bytes, compression=lzss
	.bss: load addr=000015d8, load size=00000008 bytes, run addr=20000020, run size=00000004 bytes, compression=zero_init


LINKER GENERATED HANDLER TABLE

__TI_handler_table @ 000015c8 records: 3, size/record: 4, table size: 12
	index: 0, handler: __TI_decompress_lzss
	index: 1, handler: __TI_decompress_none
	index: 2, handler: __TI_zero_init


GLOBAL SYMBOLS: SORTED ALPHABETICALLY BY Name 

address   name                          
-------   ----                          
00000fb7  ADC14_IRQHandler              
00000fb7  AES256_IRQHandler             
00000a99  BumpInt_Init                  
00000adf  Bump_Init                     
00000b13  Bump_Read                     
00000fb7  BusFault_Handler              
00000fbd  C$$EXIT                       
00000fb7  COMP_E0_IRQHandler            
00000fb7  COMP_E1_IRQHandler            
20000008  CPMwait                       
00000fb7  CS_IRQHandler                 
20000000  ClockFrequency                
0000056d  Clock_Delay1ms                
00000543  Clock_Delay1us                
0000052f  Clock_GetFreq                 
00000419  Clock_Init48MHz               
20000014  Crystalstable                 
00000fb7  DMA_ERR_IRQHandler            
00000fb7  DMA_INT0_IRQHandler           
00000fb7  DMA_INT1_IRQHandler           
00000fb7  DMA_INT2_IRQHandler           
00000fb7  DMA_INT3_IRQHandler           
00000fb7  DebugMon_Handler              
00000fb7  Default_Handler               
00000fb7  EUSCIA0_IRQHandler            
00000fb7  EUSCIA1_IRQHandler            
00000fb7  EUSCIA2_IRQHandler            
00000fb7  EUSCIA3_IRQHandler            
00000fb7  EUSCIB0_IRQHandler            
00000fb7  EUSCIB1_IRQHandler            
00000fb7  EUSCIB2_IRQHandler            
00000fb7  EUSCIB3_IRQHandler            
00000fb7  FLCTL_IRQHandler              
00000fb7  FPU_IRQHandler                
00000fb7  HardFault_Handler             
20000010  IFlags                        
00000ca1  LaunchPad_Init                
00000d11  LaunchPad_Input               
00000d2f  LaunchPad_LED                 
00000d4d  LaunchPad_Output              
00000fb7  MemManage_Handler             
000008c1  Motor_Backward                
0000081d  Motor_Forward                 
000007b1  Motor_Init                    
00000887  Motor_Left                    
0000084d  Motor_Right                   
00000803  Motor_Stop                    
00000fb7  NMI_Handler                   
00000fb7  PCM_IRQHandler                
00000fb7  PORT1_IRQHandler              
00000fb7  PORT2_IRQHandler              
00000fb7  PORT3_IRQHandler              
00000ac1  PORT4_IRQHandler              
00000ac1  PORT4_IRQHandler              
00000fb7  PORT5_IRQHandler              
00000fb7  PORT6_IRQHandler              
00000fb7  PSS_IRQHandler                
00000c37  PWM_Duty3                     
00000c57  PWM_Duty4                     
00000ba5  PWM_Init34                    
00000fb7  PendSV_Handler                
2000000c  Postwait                      
20000004  Prewait                       
00000fb7  RTC_C_IRQHandler              
000006c9  Reflectance_Center            
00000775  Reflectance_End               
000005f9  Reflectance_Init              
000006eb  Reflectance_Position          
00000669  Reflectance_Read              
00000773  Reflectance_Start             
00000fab  Reset_Handler                 
00000fb7  SVC_Handler                   
20000020  Spt                           
00000fb7  SysTick_Handler               
00000e35  SysTick_Init                  
00000e45  SysTick_Wait                  
00000e6b  SysTick_Wait10ms              
20000018  SystemCoreClock               
000000e5  SystemCoreClockUpdate         
0000035d  SystemInit                    
00000fb7  T32_INT1_IRQHandler           
00000fb7  T32_INT2_IRQHandler           
00000fb7  T32_INTC_IRQHandler           
00000fb7  TA0_0_IRQHandler              
00000fb7  TA0_N_IRQHandler              
00000fb7  TA1_0_IRQHandler              
00000fb7  TA1_N_IRQHandler              
00000fb7  TA2_0_IRQHandler              
00000fb7  TA2_N_IRQHandler              
00000fb7  TA3_0_IRQHandler              
00000fb7  TA3_N_IRQHandler              
00000fb7  UsageFault_Handler            
4000480c  WDTCTL_SYM                    
00000fb7  WDT_A_IRQHandler              
20010000  __STACK_END                   
00000200  __STACK_SIZE                  
000015e0  __TI_CINIT_Base               
000015f0  __TI_CINIT_Limit              
000015c8  __TI_Handler_Table_Base       
000015d4  __TI_Handler_Table_Limit      
00000f09  __TI_auto_init_nobinit_nopinit
00000ea1  __TI_decompress_lzss          
00000f9d  __TI_decompress_none          
ffffffff  __TI_pprof_out_hndl           
ffffffff  __TI_prof_data_size           
ffffffff  __TI_prof_data_start          
00000000  __TI_static_base__            
00000f81  __TI_zero_init_nomemset       
00000d99  __aeabi_memcpy                
00000d99  __aeabi_memcpy4               
00000d99  __aeabi_memcpy8               
ffffffff  __binit__                     
ffffffff  __c_args__                    
UNDEFED   __mpu_init                    
2000fe00  __stack                       
20000000  __start___llvm_prf_cnts       
20000000  __stop___llvm_prf_cnts        
00000f4d  _c_int00_noargs               
UNDEFED   _system_post_cinit            
00000fb9  _system_pre_init              
00000fbd  abort                         
ffffffff  binit                         
2000001c  bump_detected                 
00000535  delay                         
00000fc0  fsm                           
00000000  interruptVectors              
000009b1  main                          
00000d99  memcpy                        
00000911  read                          


GLOBAL SYMBOLS: SORTED BY Symbol Address 

address   name                          
-------   ----                          
00000000  __TI_static_base__            
00000000  interruptVectors              
000000e5  SystemCoreClockUpdate         
00000200  __STACK_SIZE                  
0000035d  SystemInit                    
00000419  Clock_Init48MHz               
0000052f  Clock_GetFreq                 
00000535  delay                         
00000543  Clock_Delay1us                
0000056d  Clock_Delay1ms                
000005f9  Reflectance_Init              
00000669  Reflectance_Read              
000006c9  Reflectance_Center            
000006eb  Reflectance_Position          
00000773  Reflectance_Start             
00000775  Reflectance_End               
000007b1  Motor_Init                    
00000803  Motor_Stop                    
0000081d  Motor_Forward                 
0000084d  Motor_Right                   
00000887  Motor_Left                    
000008c1  Motor_Backward                
00000911  read                          
000009b1  main                          
00000a99  BumpInt_Init                  
00000ac1  PORT4_IRQHandler              
00000ac1  PORT4_IRQHandler              
00000adf  Bump_Init                     
00000b13  Bump_Read                     
00000ba5  PWM_Init34                    
00000c37  PWM_Duty3                     
00000c57  PWM_Duty4                     
00000ca1  LaunchPad_Init                
00000d11  LaunchPad_Input               
00000d2f  LaunchPad_LED                 
00000d4d  LaunchPad_Output              
00000d99  __aeabi_memcpy                
00000d99  __aeabi_memcpy4               
00000d99  __aeabi_memcpy8               
00000d99  memcpy                        
00000e35  SysTick_Init                  
00000e45  SysTick_Wait                  
00000e6b  SysTick_Wait10ms              
00000ea1  __TI_decompress_lzss          
00000f09  __TI_auto_init_nobinit_nopinit
00000f4d  _c_int00_noargs               
00000f81  __TI_zero_init_nomemset       
00000f9d  __TI_decompress_none          
00000fab  Reset_Handler                 
00000fb7  ADC14_IRQHandler              
00000fb7  AES256_IRQHandler             
00000fb7  BusFault_Handler              
00000fb7  COMP_E0_IRQHandler            
00000fb7  COMP_E1_IRQHandler            
00000fb7  CS_IRQHandler                 
00000fb7  DMA_ERR_IRQHandler            
00000fb7  DMA_INT0_IRQHandler           
00000fb7  DMA_INT1_IRQHandler           
00000fb7  DMA_INT2_IRQHandler           
00000fb7  DMA_INT3_IRQHandler           
00000fb7  DebugMon_Handler              
00000fb7  Default_Handler               
00000fb7  EUSCIA0_IRQHandler            
00000fb7  EUSCIA1_IRQHandler            
00000fb7  EUSCIA2_IRQHandler            
00000fb7  EUSCIA3_IRQHandler            
00000fb7  EUSCIB0_IRQHandler            
00000fb7  EUSCIB1_IRQHandler            
00000fb7  EUSCIB2_IRQHandler            
00000fb7  EUSCIB3_IRQHandler            
00000fb7  FLCTL_IRQHandler              
00000fb7  FPU_IRQHandler                
00000fb7  HardFault_Handler             
00000fb7  MemManage_Handler             
00000fb7  NMI_Handler                   
00000fb7  PCM_IRQHandler                
00000fb7  PORT1_IRQHandler              
00000fb7  PORT2_IRQHandler              
00000fb7  PORT3_IRQHandler              
00000fb7  PORT5_IRQHandler              
00000fb7  PORT6_IRQHandler              
00000fb7  PSS_IRQHandler                
00000fb7  PendSV_Handler                
00000fb7  RTC_C_IRQHandler              
00000fb7  SVC_Handler                   
00000fb7  SysTick_Handler               
00000fb7  T32_INT1_IRQHandler           
00000fb7  T32_INT2_IRQHandler           
00000fb7  T32_INTC_IRQHandler           
00000fb7  TA0_0_IRQHandler              
00000fb7  TA0_N_IRQHandler              
00000fb7  TA1_0_IRQHandler              
00000fb7  TA1_N_IRQHandler              
00000fb7  TA2_0_IRQHandler              
00000fb7  TA2_N_IRQHandler              
00000fb7  TA3_0_IRQHandler              
00000fb7  TA3_N_IRQHandler              
00000fb7  UsageFault_Handler            
00000fb7  WDT_A_IRQHandler              
00000fb9  _system_pre_init              
00000fbd  C$$EXIT                       
00000fbd  abort                         
00000fc0  fsm                           
000015c8  __TI_Handler_Table_Base       
000015d4  __TI_Handler_Table_Limit      
000015e0  __TI_CINIT_Base               
000015f0  __TI_CINIT_Limit              
20000000  ClockFrequency                
20000000  __start___llvm_prf_cnts       
20000000  __stop___llvm_prf_cnts        
20000004  Prewait                       
20000008  CPMwait                       
2000000c  Postwait                      
20000010  IFlags                        
20000014  Crystalstable                 
20000018  SystemCoreClock               
2000001c  bump_detected                 
20000020  Spt                           
2000fe00  __stack                       
20010000  __STACK_END                   
4000480c  WDTCTL_SYM                    
ffffffff  __TI_pprof_out_hndl           
ffffffff  __TI_prof_data_size           
ffffffff  __TI_prof_data_start          
ffffffff  __binit__                     
ffffffff  __c_args__                    
ffffffff  binit                         
UNDEFED   __mpu_init                    
UNDEFED   _system_post_cinit            

[129 symbols]
